// Jest Snapshot v1, https://goo.gl/fbAQLP

exports[`LanguageSwitcher Snapshot Test passes the snapshot test 1`] = `
"<div data-testid=\\"language-switcher\\" class=\\"makeStyles-container-38\\"><img class=\\"makeStyles-flag-37\\" src=\\"https://www.countryflags.com/wp-content/uploads/romania-flag-png-xl.png\\" alt=\\"ro\\">
  <div><span class=\\"MuiSwitch-root\\"><span class=\\"MuiButtonBase-root MuiIconButton-root PrivateSwitchBase-root-42 MuiSwitch-switchBase MuiSwitch-colorSecondary makeStyles-switchPrimary-40 PrivateSwitchBase-checked-43 Mui-checked\\" aria-disabled=\\"false\\" data-testid=\\"language-switch-input\\"><span class=\\"MuiIconButton-label\\"><input class=\\"PrivateSwitchBase-input-45 MuiSwitch-input\\" type=\\"checkbox\\" value=\\"\\" checked=\\"\\"><span class=\\"MuiSwitch-thumb\\"></span></span><span class=\\"MuiTouchRipple-root\\"></span></span><span class=\\"MuiSwitch-track makeStyles-switchTrack-41\\"></span></span></div><img class=\\"makeStyles-flag-37\\" src=\\"https://www.countryflags.com/wp-content/uploads/united-kingdom-flag-png-large.png\\" alt=\\"uk\\">
</div>"
`;
